TAP version 13
# Subtest: one row per root user; basic view contains no health, contact or login identity
ok 1 - one row per root user; basic view contains no health, contact or login identity
  ---
  duration_ms: 2.087709
  type: 'test'
  ...
# Subtest: multi-select answers and original result are retained; retests do not change the provisional first baseline
ok 2 - multi-select answers and original result are retained; retests do not change the provisional first baseline
  ---
  duration_ms: 5.931834
  type: 'test'
  ...
# Subtest: initial assessment, expired data, withdrawal and safety stop are not normal five-question completions
ok 3 - initial assessment, expired data, withdrawal and safety stop are not normal five-question completions
  ---
  duration_ms: 0.84
  type: 'test'
  ...
# Subtest: registration time is not presented as first visit; test-channel traffic does not classify the person
ok 4 - registration time is not presented as first visit; test-channel traffic does not classify the person
  ---
  duration_ms: 0.356792
  type: 'test'
  ...
# Subtest: latest safety stop remains visible alongside an earlier historical baseline
ok 5 - latest safety stop remains visible alongside an earlier historical baseline
  ---
  duration_ms: 0.22075
  type: 'test'
  ...
# Subtest: persisted first-touch attribution selects its own visit instead of an unrelated earlier visit
ok 6 - persisted first-touch attribution selects its own visit instead of an unrelated earlier visit
  ---
  duration_ms: 0.150333
  type: 'test'
  ...
# Subtest: conflicting QR and self-report evidence remains visible and unresolved
ok 7 - conflicting QR and self-report evidence remains visible and unresolved
  ---
  duration_ms: 0.124666
  type: 'test'
  ...
# Subtest: mapping updates are versioned, stale saves fail and old visits retain old mappings
ok 8 - mapping updates are versioned, stale saves fail and old visits retain old mappings
  ---
  duration_ms: 0.522666
  type: 'test'
  ...
# Subtest: historical self-reported source versions remain configurable after the survey changes
ok 9 - historical self-reported source versions remain configurable after the survey changes
  ---
  duration_ms: 0.428708
  type: 'test'
  ...
# Subtest: new mapping and sync collections survive store normalization and have MySQL projection coverage
ok 10 - new mapping and sync collections survive store normalization and have MySQL projection coverage
  ---
  duration_ms: 0.88525
  type: 'test'
  ...
# Subtest: preview requires exact schema, contains no health, and rejects duplicates or unsupported select options
ok 11 - preview requires exact schema, contains no health, and rejects duplicates or unsupported select options
  ---
  duration_ms: 1.409667
  type: 'test'
  ...
# Subtest: successful sync verifies readback; retry is a no-op and preserves manual labels and corrected source
ok 12 - successful sync verifies readback; retry is a no-op and preserves manual labels and corrected source
  ---
  duration_ms: 0.79225
  type: 'test'
  ...
# Subtest: ambiguous create stays blocked until readback confirms the saved intent, never creates twice
ok 13 - ambiguous create stays blocked until readback confirms the saved intent, never creates twice
  ---
  duration_ms: 0.534166
  type: 'test'
  ...
# Subtest: changed previews and disabled writes cannot execute
ok 14 - changed previews and disabled writes cannot execute
  ---
  duration_ms: 0.365375
  type: 'test'
  ...
# Subtest: unconfirmed writes stop before the second selected user
ok 15 - unconfirmed writes stop before the second selected user
  ---
  duration_ms: 0.257625
  type: 'test'
  ...
# Subtest: manual edits discovered immediately before an update stop the batch without overwriting
ok 16 - manual edits discovered immediately before an update stop the batch without overwriting
  ---
  duration_ms: 0.541
  type: 'test'
  ...
# Subtest: adapter follows all pages and fails on repeated cursors; never leaks provider messages or credentials
ok 17 - adapter follows all pages and fails on repeated cursors; never leaks provider messages or credentials
  ---
  duration_ms: 0.51225
  type: 'test'
  ...
# Subtest: labels HTTP Interface isolates health permission, requires export permission and does not cache raw health results
ok 18 - labels HTTP Interface isolates health permission, requires export permission and does not cache raw health results
  ---
  duration_ms: 42.911709
  type: 'test'
  ...
# Subtest: MySQL persists label mappings and sync intent before external I/O; restart reconciles an interrupted write
ok 19 - MySQL persists label mappings and sync intent before external I/O; restart reconciles an interrupted write
  ---
  duration_ms: 3108.445584
  type: 'test'
  ...
1..19
# tests 19
# suites 0
# pass 19
# fail 0
# cancelled 0
# skipped 0
# todo 0
# duration_ms 3204.598041
